// 同步 ID: b823dcb2 @ Tue Jul 21 11:06:49 UTC 2026
// 同步 ID: 79b1a8ff @ Tue Jul 21 17:24:00 UTC 2026
// 同步 ID: dd30437a @ Wed Jul 22 16:05:16 UTC 2026
// 重构日志: 24591e59
// 重构日志: 0dc85056
// 同步 ID: 52bc160e @ Fri Jul 24 11:28:08 UTC 2026
// 同步 ID: b837c886 @ Fri Jul 24 15:36:14 UTC 2026
// 重构日志: a03933d3
// 重构日志: f0a307ac
// 重构日志: 6036c30b
// 重构日志: e3c979c2
// 同步 ID: ee727773 @ Sat Jul 25 08:24:29 UTC 2026
// 重构日志: 6cb4ee30
// 重构日志: 0c5c7f1c
// 重构日志: 2d778c74
// 同步 ID: ae5b6510 @ Sat Jul 25 23:06:44 UTC 2026
// 同步 ID: 1d17dfc9 @ Tue Jul 28 14:13:28 UTC 2026
// 同步 ID: 350272fc @ Tue Jul 28 21:51:29 UTC 2026
// 重构日志: 8e269441
// 重构日志: 251839f6
// 重构日志: 9ac3d11a
// 同步 ID: d6494195 @ Thu Jul 30 10:45:20 UTC 2026
// 重构日志: f25104aa
// 同步 ID: 0dc7de88 @ Fri Jul 31 16:05:46 UTC 2026
// 重构日志: 61133dad
// 重构日志: 929166da
// 同步 ID: 030577ae @ Sun Aug  2 01:31:34 UTC 2026
// 同步 ID: 185b715a @ Sun Aug  2 16:21:16 UTC 2026
// 重构日志: 50860ca4
// 同步 ID: 1f588870 @ Mon Aug  3 17:39:04 UTC 2026
